<?xml version="1.0" encoding="UTF-8"?><mappingRoot xmlns="http://www.ibm.com/2008/ccl/Mapping" domainID="com.ibm.msl.mapping.xml" domainIDExtension="mb" mainMap="true" targetNamespace="default" version="8.0.5.0" xmlns:map="default">
    <input path="jar:file://!com/ibm/etools/mft/map/xsds/predefined/JsonDomainMsg.xsd" var="var"/>
    <input derivedFrom="MB:JSON_schema_in_swagger_document" path="/vivareal-loader.yaml" var="var1"/>
    <input path="db:database(/FREEPDB1.dbm,FREEPDB1,db:schema-tables(IVANSLA,REALESTATE))" var="FREEPDB1"/>
    <input path="db:routine(/FREEPDB1.dbm,FREEPDB1,IVANSLA,GETADDREALESTATEIDS,REALESTATEID,ADDRESSID,PRICINGINFOID,LINKID)" var="GETADDREALESTATEIDS"/>
    <output path="jar:file://!com/ibm/etools/mft/map/xsds/predefined/JsonDomainMsg.xsd" var="var2"/>
    <output derivedFrom="MB:JSON_schema_in_swagger_document" path="/vivareal-loader.yaml" var="var3"/>
    <output path="db:routine(/FREEPDB1.dbm,FREEPDB1,IVANSLA,GETADDREALESTATEIDS,REALESTATEID,ADDRESSID,PRICINGINFOID,LINKID)" var="GETADDREALESTATEIDS1"/>
    <output path="db:table(/FREEPDB1.dbm,FREEPDB1,IVANSLA,PRICINGINFO)" var="PRICINGINFO1"/>
    <output path="db:table(/FREEPDB1.dbm,FREEPDB1,IVANSLA,REALESTATE_PRICINGINFO)" var="REALESTATEPRICINGINFO2"/>
    <imports>
        <import kind="esql" namespace="/MappingUtils.esql"/>
    </imports>
    <namespaces>
        <namespace kind="supplement" prefix="io" uri="http://www.ibm.com/iib/msl/json"/>
        <namespace kind="extension" prefix="MappingUtils" uri="/MappingUtils.esql"/>
    </namespaces>
    <generation engine="xquery"/>
    <mappingDeclaration name="addRealEstate_InsertPricingInfo">
        <input derivedFrom="MB:JSON_operation_name:addRealEstate" namespace="http://www.ibm.com/iib/msl/json" path="$var/mb:msg(JSON,assembly,JSON,Properties,LocalEnvironment)" var="ComIbmMessageAssembly_JSON">
            <cast derivedFrom="MB:JSON_operation_request" path="$ComIbmMessageAssembly_JSON/JSON/Data/type('anyType')" qualifier="{http://www.ibm.com/iib/msl/json}object_addRealEstate_body" ref="var1" var="anyType"/>
        </input>
        <input path="$FREEPDB1/db:select(fn:false(),ResultSet(IVANSLA/REALESTATE/ID),db:where('IVANSLA.REALESTATE.SOURCEID =  ? AND IVANSLA.REALESTATE.LISTINGID =  ?1','?1'=$ComIbmMessageAssembly_JSON/io:JSON//Data/id,'?'=$ComIbmMessageAssembly_JSON/io:JSON//Data/sourceId))" var="dbselect"/>
        <output namespace="http://www.ibm.com/iib/msl/json" path="$var2/mb:msg(JSON,assembly,JSON,Properties)" var="ComIbmMessageAssembly_JSON1">
            <cast derivedFrom="MB:JSON_operation_response" path="$ComIbmMessageAssembly_JSON1/JSON/Data/type('anyType')" qualifier="{http://www.ibm.com/iib/msl/json}object_addRealEstate_200" ref="var3" var="anyType1"/>
        </output>
        <output path="$PRICINGINFO1/db:insert(fn:false(),ID,YEARLYIPTU,PRICE,BUSINESSTYPE,MONTHLYCONDOFEE,CREATEDAT)" var="dbinsert5"/>
        <output path="$REALESTATEPRICINGINFO2/db:insert(fn:false(),REALESTATEID,PRICINGINFOID)" var="dbinsert7"/>
        <move>
            <input path="$ComIbmMessageAssembly_JSON/Properties"/>
            <output path="$ComIbmMessageAssembly_JSON1/Properties"/>
        </move>
        <task type="info">
            <documentation description="The REST API input data of operation addRealEstate.">This Task is provided to show the location of the REST API input data of operation addRealEstate.
The path and query parameters are provided under "Parameters".
You may need to use these as inputs to your mappings.</documentation>
            <input path="$ComIbmMessageAssembly_JSON/LocalEnvironment/REST/Input"/>
        </task>
        <transaction>
            <rdbcall>
                <output path="$GETADDREALESTATEIDS1/db:routine-call()"/>
            </rdbcall>
            <rdbreturn>
                <input path="$GETADDREALESTATEIDS/db:routine-return(fn:false(),fn:nilled(),0,1,2,3)" var="dbroutinereturn"/>
                <input path="$ComIbmMessageAssembly_JSON/JSON/spath('Data',2)/pricingInfos/Item[1]" var="Item2"/>
                <input path="$ComIbmMessageAssembly_JSON/JSON/spath('Data',2)/updatedAt" var="updatedAt4"/>
                <input path="$dbselect/ResultSet[1]/IVANSLA/REALESTATE/ID" var="ID"/>
                <output path="$dbinsert5/." var="dbinsert6"/>
                <output path="$dbinsert7/." var="dbinsert8"/>
                <move>
                    <input path="$dbroutinereturn/PRICINGINFOID"/>
                    <output path="$dbinsert6/ID"/>
                </move>
                <move>
                    <input path="$dbroutinereturn/PRICINGINFOID"/>
                    <output path="$dbinsert8/PRICINGINFOID"/>
                </move>
                <move>
                    <input path="$ID/."/>
                    <output path="$dbinsert8/REALESTATEID"/>
                </move>
                <move>
                    <input path="$Item2/yearlyIptu"/>
                    <output path="$dbinsert6/YEARLYIPTU"/>
                </move>
                <move>
                    <input path="$Item2/price"/>
                    <output path="$dbinsert6/PRICE"/>
                </move>
                <move>
                    <input path="$Item2/businessType"/>
                    <output path="$dbinsert6/BUSINESSTYPE"/>
                </move>
                <move>
                    <input path="$Item2/monthlyCondoFee"/>
                    <output path="$dbinsert6/MONTHLYCONDOFEE"/>
                </move>
                <customFunction lang="esql" ref="MappingUtils:stringToTimestamp">
                    <input path="$updatedAt4/." var="updatedAt3"/>
                    <output path="$dbinsert6/CREATEDAT"/>
                    <param name="source" value="$updatedAt3"/>
                </customFunction>
            </rdbreturn>
        </transaction>
    </mappingDeclaration>
</mappingRoot>