<?xml version="1.0" encoding="UTF-8"?><mappingRoot xmlns="http://www.ibm.com/2008/ccl/Mapping" domainID="com.ibm.msl.mapping.xml" domainIDExtension="mb" mainMap="true" targetNamespace="default" version="8.0.5.0" xmlns:map="default">
    <input path="db:database(/FREEPDB1.dbm,FREEPDB1,db:schema-tables(IVANSLA,REALESTATE))" var="FREEPDB11"/>
    <input path="jar:file://!com/ibm/etools/mft/map/xsds/predefined/JsonDomainMsg.xsd" var="var5"/>
    <input derivedFrom="MB:JSON_schema_in_swagger_document" path="/vivareal-loader.yaml" var="var6"/>
    <input path="jar:file://!com/ibm/msl/mapping/rdb/xsds/dbreturn.xsd" var="var9"/>
    <output path="db:table(/FREEPDB1.dbm,FREEPDB1,IVANSLA,ADDRESS)" var="ADDRESS"/>
    <output path="jar:file://!com/ibm/etools/mft/map/xsds/predefined/JsonDomainMsg.xsd" var="var7"/>
    <output derivedFrom="MB:JSON_schema_in_swagger_document" path="/vivareal-loader.yaml" var="var8"/>
    <namespaces>
        <namespace kind="supplement" prefix="io" uri="http://www.ibm.com/iib/msl/json"/>
        <namespace kind="extension" prefix="fn" uri="http://www.w3.org/2005/xpath-functions"/>
    </namespaces>
    <generation engine="xquery"/>
    <mappingDeclaration name="addRealEstate_UpdateAddress">
        <input path="$FREEPDB11/db:select(fn:false(),ResultSet(IVANSLA/REALESTATE/ADDRESSID),db:where('IVANSLA.REALESTATE.SOURCEID =  ? AND IVANSLA.REALESTATE.LISTINGID = ?1','?1'=$MessageAssembly/io:JSON//Data/id,'?'=$MessageAssembly/io:JSON//Data/sourceId))" var="dbselect"/>
        <input namespace="http://www.ibm.com/iib/msl/json" path="$var5/mb:msg(JSON,assembly,JSON,Properties)" var="MessageAssembly">
            <cast derivedFrom="MB:JSON_operation_request" path="$MessageAssembly/JSON/Data/type('anyType')" qualifier="{http://www.ibm.com/iib/msl/json}RealEstate" ref="var6" var="anyType2"/>
        </input>
        <output path="$ADDRESS/db:update(fn:false(),fn:true(),db:where('IVANSLA.ADDRESS.ID =  ?','?'=$dbselect/ResultSet/IVANSLA/REALESTATE/ADDRESSID),ID,COUNTRY,ZIPCODE,GEOJSON,CITY,LEVEL,PRECISION,CONFIDENCE,STATEACRONYM,SOURCE,IBGECITYID,ZONE,STREET,LOCATIONID,DISTRICT,NAME,STATE,STREETNUMBER,NEIGHBORHOOD,LONGITUDE,LATITUDE,POISLIST,POIS,VALUABLEZONES)" var="dbupdate"/>
        <output namespace="http://www.ibm.com/iib/msl/json" path="$var7/mb:msg(JSON,assembly,JSON,Properties)" var="MessageAssembly1">
            <cast derivedFrom="MB:JSON_operation_response" path="$MessageAssembly1/JSON/Data/type('anyType')" qualifier="{http://www.ibm.com/iib/msl/json}RealEstate" ref="var8" var="anyType3"/>
        </output>
        <move>
            <input path="$MessageAssembly/JSON/spath('Data',2)"/>
            <output path="$MessageAssembly1/JSON/spath('Data',2)"/>
        </move>
        <transaction>
            <update ref="dbupdate">
                <input path="$MessageAssembly/JSON/spath('Data',2)/address" var="address1"/>
                <input path="$dbselect/ResultSet/IVANSLA/REALESTATE/ADDRESSID" var="ADDRESSID"/>
                <output path="$dbupdate/."/>
                <move automap="true">
                    <input path="$address1/country"/>
                    <output path="COUNTRY"/>
                </move>
                <move automap="true">
                    <input path="$address1/zipCode"/>
                    <output path="ZIPCODE"/>
                </move>
                <move automap="true">
                    <input path="$address1/geoJson"/>
                    <output path="GEOJSON"/>
                </move>
                <move automap="true">
                    <input path="$address1/city"/>
                    <output path="CITY"/>
                </move>
                <move automap="true">
                    <input path="$address1/precision"/>
                    <output path="PRECISION"/>
                </move>
                <move automap="true">
                    <input path="$address1/confidence"/>
                    <output path="CONFIDENCE"/>
                </move>
                <move automap="true">
                    <input path="$address1/stateAcronym"/>
                    <output path="STATEACRONYM"/>
                </move>
                <move automap="true">
                    <input path="$address1/ibgeCityId"/>
                    <output path="IBGECITYID"/>
                </move>
                <move automap="true">
                    <input path="$address1/zone"/>
                    <output path="ZONE"/>
                </move>
                <move automap="true">
                    <input path="$address1/street"/>
                    <output path="STREET"/>
                </move>
                <move automap="true">
                    <input path="$address1/locationId"/>
                    <output path="LOCATIONID"/>
                </move>
                <move automap="true">
                    <input path="$address1/district"/>
                    <output path="DISTRICT"/>
                </move>
                <move automap="true">
                    <input path="$address1/name"/>
                    <output path="NAME"/>
                </move>
                <move automap="true">
                    <input path="$address1/state"/>
                    <output path="STATE"/>
                </move>
                <move automap="true">
                    <input path="$address1/streetNumber"/>
                    <output path="STREETNUMBER"/>
                </move>
                <move automap="true">
                    <input path="$address1/neighborhood"/>
                    <output path="NEIGHBORHOOD"/>
                </move>
                <move>
                    <input path="$address1/point/source"/>
                    <output path="SOURCE"/>
                </move>
                <move>
                    <input path="$address1/point/lon"/>
                    <output path="LONGITUDE"/>
                </move>
                <move>
                    <input path="$address1/point/lat"/>
                    <output path="LATITUDE"/>
                </move>
            </update>
            <return>
                <input path="$var9/DBUpdateReturn"/>
            </return>
        </transaction>
    </mappingDeclaration>
</mappingRoot>