<?xml version="1.0" encoding="UTF-8"?><mappingRoot xmlns="http://www.ibm.com/2008/ccl/Mapping" domainID="com.ibm.msl.mapping.xml" domainIDExtension="mb" mainMap="true" targetNamespace="default" version="8.0.5.0" xmlns:map="default">
    <input path="jar:file://!com/ibm/etools/mft/map/xsds/predefined/BlobMessage.xsd" var="var"/>
    <output path="jar:file://!com/ibm/etools/mft/map/xsds/predefined/BlobMessage.xsd"/>
    <generation engine="xquery"/>
    <mappingDeclaration name="getPing_Mapping">
        <input derivedFrom="MB:JSON_operation_name:getPing" path="$var/mb:msg(BLOB,assembly,BLOB,Properties,LocalEnvironment)" var="ComIbmMessageAssembly_BLOB"/>
        <output path="mb:msg(BLOB,assembly,BLOB,Properties)" var="ComIbmMessageAssembly_BLOB1"/>
        <move>
            <input path="$ComIbmMessageAssembly_BLOB/Properties"/>
            <output path="$ComIbmMessageAssembly_BLOB1/Properties"/>
        </move>
        <task type="info">
            <documentation description="The REST API input data of operation getPing.">This Task is provided to show the location of the REST API input data of operation getPing.
The path and query parameters are provided under "Parameters".
You may need to use these as inputs to your mappings.</documentation>
            <input path="$ComIbmMessageAssembly_BLOB/LocalEnvironment/REST/Input"/>
        </task>
    </mappingDeclaration>
</mappingRoot>